== 1. Reader_CPU.readVCF ==
shape (samples, snps): (18263, 2)
dtypes: [dtype('int32')]
code counts {1=1|1/1/1, 2=0|1/0/1, 3=0|0/other/missing}: {1: 9072, 2: 260, 3: 27194}
raw genotype values: {'1|1': 9072, '0|0': 26867, '0|1': 260, '1|0': 327}
=> 1|0 cells (327) are NOT in the replace rules, so they map to code 3 (same as missing)
== 2. one_hot_CPU shape / dtype / tiling ==
output shape: (4, 3, 206, 206) dtype: float32
grid row-major first 12 cells (ch0): [1, 1, 1, 1, 1, 1, 1, 1, 1, 1, 1, 1]
period-206 consistency: True
=> grid is a tiled repetition of the 2-SNP one-hot row, NOT zero-padded
== 3. DataProcess.convert_trait + to_dataset (protein) ==
n_trait_dict: {'protein': {'max': 57.9, 'min': 31.7}}
p_trait_dict: {'SCN3': {0: 'S', 1: 'MS'}}
train: (11114, 3, 206, 206) float32 | labels: (11114,) float64 range [0.000, 0.981]
test: (4764, 3, 206, 206) float32 | labels: (4764,) float64
label NaN after split: 0 0
== 4. DataProcess.to_dataset (SCN3, stratified) ==
train: (7674, 3, 206, 206) | label counts: {0: 6259, 1: 1415}
test: (3290, 3, 206, 206) | label counts: {0: 2683, 1: 607}
== summary ==
samples: 18263 | snps in VCF: 2 | grid cells needed: 42436 -> tiled x7072
sample data is a smoke-test fixture only; real training needs a full-SNP VCF
